\BOOKMARK [1][-]{section.1}{\376\377\225\356\230\230\221\315\217\360}{}% 1
\BOOKMARK [2][-]{subsection.1.1}{\376\377\225\356\230\230\200\314\146\157}{section.1}% 2
\BOOKMARK [2][-]{subsection.1.2}{\376\377\225\356\230\230\143\320\121\372}{section.1}% 3
\BOOKMARK [2][-]{subsection.1.3}{\376\377\170\024\172\166\163\260\162\266\176\374\217\360}{section.1}% 4
\BOOKMARK [1][-]{section.2}{\376\377\225\356\230\230\122\006\147\220}{}% 5
\BOOKMARK [2][-]{subsection.2.1}{\376\377\140\073\117\123\140\035\215\357}{section.2}% 6
\BOOKMARK [2][-]{subsection.2.2}{\376\377\121\167\117\123\122\006\147\220}{section.2}% 7
\BOOKMARK [2][-]{subsection.2.3}{\376\377\154\102\211\343\150\106\147\266}{section.2}% 8
\BOOKMARK [1][-]{section.3}{\376\377\152\041\127\213\120\107\213\276}{}% 9
\BOOKMARK [1][-]{section.4}{\376\377\173\046\123\367\213\364\146\016}{}% 10
\BOOKMARK [1][-]{section.5}{\376\377\145\160\143\156\230\204\131\004\164\006}{}% 11
\BOOKMARK [1][-]{section.6}{\376\377\152\041\127\213\166\204\136\372\172\313\116\016\154\102\211\343}{}% 12
\BOOKMARK [2][-]{subsection.6.1}{\376\377\121\154\121\161\214\003\136\246\152\041\127\213}{section.6}% 13
\BOOKMARK [3][-]{subsubsection.6.1.1}{\376\377\121\263\173\126\123\330\221\317}{subsection.6.1}% 14
\BOOKMARK [3][-]{subsubsection.6.1.2}{\376\377\166\356\150\007\121\375\145\160}{subsection.6.1}% 15
\BOOKMARK [3][-]{subsubsection.6.1.3}{\376\377\176\246\147\137\147\141\116\366}{subsection.6.1}% 16
\BOOKMARK [3][-]{subsubsection.6.1.4}{\376\377\152\041\127\213\174\173\127\213\116\016\154\102\211\343}{subsection.6.1}% 17
\BOOKMARK [2][-]{subsection.6.2}{\376\377\225\356\230\230\116\000\377\032\170\156\133\232\140\047\145\345\122\115\214\003\136\246}{section.6}% 18
\BOOKMARK [3][-]{subsubsection.6.2.1}{\376\377\152\041\127\213\136\372\172\313}{subsection.6.2}% 19
\BOOKMARK [3][-]{subsubsection.6.2.2}{\376\377\154\102\211\343\176\323\147\234}{subsection.6.2}% 20
\BOOKMARK [2][-]{subsection.6.3}{\376\377\225\356\230\230\116\214\377\032\126\340\147\234\230\204\155\113\116\016\133\236\145\366\120\250\200\375\123\315\231\210}{section.6}% 21
\BOOKMARK [3][-]{subsubsection.6.3.1}{\376\377\117\341\140\157\226\306\165\114\133\232\116\016\136\372\152\041\226\276\160\271}{subsection.6.3}% 22
\BOOKMARK [3][-]{subsubsection.6.3.2}{\376\377\230\316\226\151\133\232\116\367\377\032\123\125\145\366\153\265\000\040\0000\000.\0002\000\040\122\006\117\115\124\057\123\321}{subsection.6.3}% 23
\BOOKMARK [3][-]{subsubsection.6.3.3}{\376\377\213\241\123\312\133\236\145\366\120\250\200\375\123\315\231\210\166\204\142\147\210\114\226\066\153\265}{subsection.6.3}% 24
\BOOKMARK [3][-]{subsubsection.6.3.4}{\376\377\154\102\211\343\176\323\147\234\116\016\123\237\126\340\142\306\211\343}{subsection.6.3}% 25
\BOOKMARK [2][-]{subsection.6.4}{\376\377\225\356\230\230\116\011\377\032\131\032\145\366\122\073\156\332\122\250\117\030\123\026\116\016\202\202\160\271\116\367\120\074\155\210\207\215}{section.6}% 26
\BOOKMARK [3][-]{subsubsection.6.4.1}{\376\377\156\332\122\250\117\030\123\026\150\106\147\266}{subsection.6.4}% 27
\BOOKMARK [3][-]{subsubsection.6.4.2}{\376\377\116\073\176\323\173\227\123\343\137\204\116\016\145\117\141\037\140\047\123\343\137\204}{subsection.6.4}% 28
\BOOKMARK [3][-]{subsubsection.6.4.3}{\376\377\121\263\173\126\202\202\160\271\116\367\120\074\155\210\207\215\133\236\232\214}{subsection.6.4}% 29
\BOOKMARK [3][-]{subsubsection.6.4.4}{\376\377\154\102\211\343\176\323\147\234}{subsection.6.4}% 30
\BOOKMARK [3][-]{subsubsection.6.4.5}{\376\377\121\170\127\213\145\345\214\003\136\246\217\307\172\013}{subsection.6.4}% 31
\BOOKMARK [2][-]{subsection.6.5}{\376\377\225\356\230\230\126\333\377\032\154\342\122\250\165\065\116\367\116\013\166\204\221\315\173\227\116\016\116\367\150\074\117\341\140\157\217\271\165\114}{section.6}% 32
\BOOKMARK [3][-]{subsubsection.6.5.1}{\376\377\152\041\127\213\217\301\171\373}{subsection.6.5}% 33
\BOOKMARK [3][-]{subsubsection.6.5.2}{\376\377\154\102\211\343\176\323\147\234\116\016\116\367\150\074\117\341\140\157\116\367\120\074}{subsection.6.5}% 34
\BOOKMARK [1][-]{section.7}{\376\377\152\041\127\213\150\300\232\214\116\016\122\006\147\220}{}% 35
\BOOKMARK [2][-]{subsection.7.1}{\376\377\162\151\164\006\123\357\210\114\140\047\116\016\145\160\120\074\174\276\136\246}{section.7}% 36
\BOOKMARK [2][-]{subsection.7.2}{\376\377\147\052\147\145\117\341\140\157\154\304\157\017\166\204\000\040\000m\000u\000t\000a\000t\000i\000o\000n\000\040\155\113\213\325}{section.7}% 37
\BOOKMARK [2][-]{subsection.7.3}{\376\377\176\323\173\227\123\343\137\204\166\204\123\125\121\103\155\113\213\325}{section.7}% 38
\BOOKMARK [3][-]{subsubsection.7.3.1}{\376\377\121\105\145\076\165\065\116\222\145\245\166\204\155\367\124\010\145\164\145\160\150\300\232\214}{subsection.7.3}% 39
\BOOKMARK [2][-]{subsection.7.4}{\376\377\123\206\123\362\221\115\177\156\166\204\126\336\137\122\131\015\163\260}{section.7}% 40
\BOOKMARK [2][-]{subsection.7.5}{\376\377\160\165\145\117\136\246\122\006\147\220}{section.7}% 41
\BOOKMARK [3][-]{subsubsection.7.5.1}{\376\377\176\310\172\357\120\250\165\065\221\317\173\126\165\145}{subsection.7.5}% 42
\BOOKMARK [3][-]{subsubsection.7.5.2}{\376\377\120\250\200\375\145\110\163\207\123\343\137\204}{subsection.7.5}% 43
\BOOKMARK [3][-]{subsubsection.7.5.3}{\376\377\121\166\116\326\213\357\135\356\147\145\156\220}{subsection.7.5}% 44
\BOOKMARK [1][-]{section.8}{\376\377\152\041\127\213\166\204\213\304\116\367}{}% 45
\BOOKMARK [2][-]{subsection.8.1}{\376\377\152\041\127\213\166\204\117\030\160\271}{section.8}% 46
\BOOKMARK [2][-]{subsection.8.2}{\376\377\152\041\127\213\166\204\116\015\215\263}{section.8}% 47
\BOOKMARK [1][-]{section.9}{\376\377\152\041\127\213\166\204\145\071\217\333\116\016\143\250\136\177}{}% 48
\BOOKMARK [2][-]{subsection.9.1}{\376\377\152\041\127\213\166\204\145\071\217\333}{section.9}% 49
\BOOKMARK [2][-]{subsection.9.2}{\376\377\152\041\127\213\166\204\143\250\136\177}{section.9}% 50
\BOOKMARK [1][-]{section*.32}{\376\377\000A\000I\135\345\121\167\117\177\165\050\130\360\146\016}{}% 51
\BOOKMARK [1][-]{section*.33}{\376\377\123\302\200\003\145\207\163\056}{}% 52
\BOOKMARK [1][-]{section*.33}{\376\377\226\104\137\125\000\040\000A\000\040\145\057\144\221\147\120\145\231\145\207\116\366\122\027\210\150}{}% 53
\BOOKMARK [1][-]{table.caption.34}{\376\377\226\104\137\125\000\040\000B\000\040\156\220\172\013\136\217\116\343\170\001}{}% 54
